#-----------------------------------------------------------
# Vivado v2018.3 (64-bit)
# SW Build 2405991 on Thu Dec  6 23:38:27 MST 2018
# IP Build 2404404 on Fri Dec  7 01:43:56 MST 2018
# Start of session at: Tue Mar 26 14:22:33 2024
# Process ID: 21332
# Current directory: D:/Vivado/2.28/test_1/XilinxRFsoc_Sivers-mmWave
# Command line: vivado.exe -gui_launcher_event rodinguilauncherevent12760 D:\Vivado\2.28\test_1\XilinxRFsoc_Sivers-mmWave\test_0.xpr
# Log file: D:/Vivado/2.28/test_1/XilinxRFsoc_Sivers-mmWave/vivado.log
# Journal file: D:/Vivado/2.28/test_1/XilinxRFsoc_Sivers-mmWave\vivado.jou
#-----------------------------------------------------------
start_gui
open_project D:/Vivado/2.28/test_1/XilinxRFsoc_Sivers-mmWave/test_0.xpr
update_compile_order -fileset sources_1
launch_simulation
source tb_beam_scan_bs.tcl
run 10 us
close_sim
launch_simulation
source tb_beam_scan_bs.tcl
run 10 us
close_sim
launch_simulation
source tb_beam_scan_bs.tcl
run 10 us
close_sim
launch_simulation
source tb_beam_scan_bs.tcl
run 10 us
close_sim
launch_simulation
source tb_beam_scan_bs.tcl
run 10 us
run 10 us
run 10 us
run 10 us
close_sim
launch_simulation
source tb_beam_scan_bs.tcl
run 10 us
run 10 us
run 10 us
close_sim
launch_simulation
source tb_beam_scan_bs.tcl
run 10 us
close_sim
launch_simulation
source tb_beam_scan_bs.tcl
run 10 us
close_sim
launch_simulation
source tb_beam_scan_bs.tcl
run 10 us
close_sim
launch_simulation
source tb_beam_scan_bs.tcl
run 10 us
close_sim
launch_simulation
source tb_beam_scan_bs.tcl
run 10 us
close_sim
launch_simulation
source tb_beam_scan_bs.tcl
run 10 us
run 10 us
run 10 us
close_sim
launch_simulation
source tb_beam_scan_bs.tcl
run 10 us
run 10 us
run 10 us
close_sim
launch_simulation
source tb_beam_scan_bs.tcl
run 10 us
run 10 us
run 10 us
close_sim
